// Jest Snapshot v1, https://goo.gl/fbAQLP

exports[`render loading correctly 1`] = `
<div
  className="bp3-card bp3-elevation-0 col-lg-12 col-md-12 col-sm-12 col-xs-12"
>
  <h4>
    Ledgers
  </h4>
  <div
    className="bp3-spinner"
  >
    <div
      className="bp3-spinner-animation"
    >
      <svg
        height={24}
        strokeWidth="16.00"
        viewBox="-3.00 -3.00 106.00 106.00"
        width={24}
      >
        <path
          className="bp3-spinner-track"
          d="M 50,50 m 0,-45 a 45,45 0 1 1 0,90 a 45,45 0 1 1 0,-90"
        />
        <path
          className="bp3-spinner-head"
          d="M 50,50 m 0,-45 a 45,45 0 1 1 0,90 a 45,45 0 1 1 0,-90"
          pathLength={280}
          strokeDasharray="280 280"
          strokeDashoffset={210}
        />
      </svg>
    </div>
  </div>
</div>
`;

exports[`render no data correctly 1`] = `
<div
  className="bp3-card bp3-interactive bp3-elevation-0 col-lg-12 col-md-12 col-sm-12 col-xs-12"
>
  <h4>
    Ledgers
    Â 
    <span
      className="bp3-popover-wrapper"
    >
      <span
        className="bp3-popover-target"
        onClick={[Function]}
      >
        <div
          className=""
          disabled={undefined}
          onKeyDown={[Function]}
          onKeyUp={undefined}
          tabIndex={undefined}
        >
          <button
            className="bp3-button bp3-disabled"
            disabled={true}
            onClick={undefined}
            onKeyDown={[Function]}
            onKeyUp={[Function]}
            tabIndex={-1}
            type="button"
          >
            <span
              className="bp3-button-text"
            >
              ALL
            </span>
            <svg
              className="bp3-icon"
              data-icon="caret-down"
              height={16}
              style={Object {}}
              viewBox="0 0 16 16"
              width={16}
            >
              <desc>
                caret-down
              </desc>
              <path
                d="M12 6.5c0-.28-.22-.5-.5-.5h-7a.495.495 0 0 0-.37.83l3.5 4c.09.1.22.17.37.17s.28-.07.37-.17l3.5-4c.08-.09.13-.2.13-.33z"
                fillRule="evenodd"
              />
            </svg>
          </button>
        </div>
      </span>
    </span>
  </h4>
  
  <div>
    No related data in this time range. You can try another time range.
  </div>
</div>
`;
